
> yazimhatasi@0.1.0 build
> next build

  Ôû▓ Next.js 14.2.5
  - Environments: .env.local

   Creating an optimized production build ...
npm.cmd : Failed to com
pile.
At line:1 char:75
+ ... ion Ignore; & "C:
\Program Files\nodejs\n
pm.cmd" run build > bui
ld_err ...
+                 ~~~~~
~~~~~~~~~~~~~~~~~~~~~~~
~~~~~~~~~~~~~~~~~~~~~~~
~~~~~~
    + CategoryInfo     
         : NotSpecifi  
  ed: (Failed to com   
 pile.:String) [],     
RemoteException
    + FullyQualifiedEr 
   rorId : NativeComm  
  andError
 

./src/app/globals.css.w
ebpack[javascript/auto]
!=!./node_modules/next/
dist/build/webpack/load
ers/css-loader/src/inde
x.js??ruleSet[1].rules[
13].oneOf[12].use[2]!./
node_modules/next/dist/
build/webpack/loaders/p
ostcss-loader/src/index
.js??ruleSet[1].rules[1
3].oneOf[12].use[3]!./s
rc/app/globals.css
Error: Cannot find modu
le 'autoprefixer'
Require stack:
- C:\Users\erdur\Yazim\
node_modules\next\dist\
build\webpack\config\bl
ocks\css\plugins.js
- C:\Users\erdur\Yazim\
node_modules\next\dist\
build\webpack\config\bl
ocks\css\index.js
- C:\Users\erdur\Yazim\
node_modules\next\dist\
build\webpack\config\in
dex.js
- C:\Users\erdur\Yazim\
node_modules\next\dist\
build\webpack-config.js
- C:\Users\erdur\Yazim\
node_modules\next\dist\
build\webpack-build\imp
l.js
- C:\Users\erdur\Yazim\
node_modules\next\dist\
compiled\jest-worker\pr
ocessChild.js
    at Module.<anonymou
s> (node:internal/modul
es/cjs/loader:1475:15)
    at C:\Users\erdur\Y
azim\node_modules\next\
dist\server\require-hoo
k.js:55:36
    at wrapResolveFilen
ame (node:internal/modu
les/cjs/loader:1048:27)
    at resolveForCJSWit
hHooks (node:internal/m
odules/cjs/loader:1093:
12)
    at require.resolve 
(node:internal/modules/
helpers:209:31)
    at loadPlugin (C:\U
sers\erdur\Yazim\node_m
odules\next\dist\build\
webpack\config\blocks\c
ss\plugins.js:49:32)
    at C:\Users\erdur\Y
azim\node_modules\next\
dist\build\webpack\conf
ig\blocks\css\plugins.j
s:157:56
    at Array.map (<anon
ymous>)
    at getPostCssPlugin
s (C:\Users\erdur\Yazim
\node_modules\next\dist
\build\webpack\config\b
locks\css\plugins.js:15
7:47)
    at async C:\Users\e
rdur\Yazim\node_modules
\next\dist\build\webpac
k\config\blocks\css\ind
ex.js:124:36

Import trace for reques
ted module:
./src/app/globals.css.w
ebpack[javascript/auto]
!=!./node_modules/next/
dist/build/webpack/load
ers/css-loader/src/inde
x.js??ruleSet[1].rules[
13].oneOf[12].use[2]!./
node_modules/next/dist/
build/webpack/loaders/p
ostcss-loader/src/index
.js??ruleSet[1].rules[1
3].oneOf[12].use[3]!./s
rc/app/globals.css
./src/app/globals.css

./src/app/globals.css
Error: Cannot find modu
le 'autoprefixer'
Require stack:
- C:\Users\erdur\Yazim\
node_modules\next\dist\
build\webpack\config\bl
ocks\css\plugins.js
- C:\Users\erdur\Yazim\
node_modules\next\dist\
build\webpack\config\bl
ocks\css\index.js
- C:\Users\erdur\Yazim\
node_modules\next\dist\
build\webpack\config\in
dex.js
- C:\Users\erdur\Yazim\
node_modules\next\dist\
build\webpack-config.js
- C:\Users\erdur\Yazim\
node_modules\next\dist\
build\webpack-build\imp
l.js
- C:\Users\erdur\Yazim\
node_modules\next\dist\
compiled\jest-worker\pr
ocessChild.js
    at Module.<anonymou
s> (node:internal/modul
es/cjs/loader:1475:15)
    at C:\Users\erdur\Y
azim\node_modules\next\
dist\server\require-hoo
k.js:55:36
    at wrapResolveFilen
ame (node:internal/modu
les/cjs/loader:1048:27)
    at resolveForCJSWit
hHooks (node:internal/m
odules/cjs/loader:1093:
12)
    at require.resolve 
(node:internal/modules/
helpers:209:31)
    at loadPlugin (C:\U
sers\erdur\Yazim\node_m
odules\next\dist\build\
webpack\config\blocks\c
ss\plugins.js:49:32)
    at C:\Users\erdur\Y
azim\node_modules\next\
dist\build\webpack\conf
ig\blocks\css\plugins.j
s:157:56
    at Array.map (<anon
ymous>)
    at getPostCssPlugin
s (C:\Users\erdur\Yazim
\node_modules\next\dist
\build\webpack\config\b
locks\css\plugins.js:15
7:47)
    at async C:\Users\e
rdur\Yazim\node_modules
\next\dist\build\webpac
k\config\blocks\css\ind
ex.js:124:36
    at tryRunOrWebpackE
rror (C:\Users\erdur\Ya
zim\node_modules\next\d
ist\compiled\webpack\bu
ndle5.js:28:312989)
    at __webpack_requir
e_module__ (C:\Users\er
dur\Yazim\node_modules\
next\dist\compiled\webp
ack\bundle5.js:28:13116
5)
    at __nested_webpack
_require_153728__ (C:\U
sers\erdur\Yazim\node_m
odules\next\dist\compil
ed\webpack\bundle5.js:2
8:130607)
    at C:\Users\erdur\Y
azim\node_modules\next\
dist\compiled\webpack\b
undle5.js:28:131454
    at symbolIterator (
C:\Users\erdur\Yazim\no
de_modules\next\dist\co
mpiled\neo-async\async.
js:1:14444)
    at done (C:\Users\e
rdur\Yazim\node_modules
\next\dist\compiled\neo
-async\async.js:1:14824
)
    at Hook.eval [as ca
llAsync] (eval at creat
e (C:\Users\erdur\Yazim
\node_modules\next\dist
\compiled\webpack\bundl
e5.js:13:28858), <anony
mous>:15:1)
    at Hook.CALL_ASYNC_
DELEGATE [as _callAsync
] (C:\Users\erdur\Yazim
\node_modules\next\dist
\compiled\webpack\bundl
e5.js:13:26012)
    at C:\Users\erdur\Y
azim\node_modules\next\
dist\compiled\webpack\b
undle5.js:28:130328
    at symbolIterator (
C:\Users\erdur\Yazim\no
de_modules\next\dist\co
mpiled\neo-async\async.
js:1:14402)
-- inner error --
Error: Cannot find modu
le 'autoprefixer'
Require stack:
- C:\Users\erdur\Yazim\
node_modules\next\dist\
build\webpack\config\bl
ocks\css\plugins.js
- C:\Users\erdur\Yazim\
node_modules\next\dist\
build\webpack\config\bl
ocks\css\index.js
- C:\Users\erdur\Yazim\
node_modules\next\dist\
build\webpack\config\in
dex.js
- C:\Users\erdur\Yazim\
node_modules\next\dist\
build\webpack-config.js
- C:\Users\erdur\Yazim\
node_modules\next\dist\
build\webpack-build\imp
l.js
- C:\Users\erdur\Yazim\
node_modules\next\dist\
compiled\jest-worker\pr
ocessChild.js
    at Module.<anonymou
s> (node:internal/modul
es/cjs/loader:1475:15)
    at C:\Users\erdur\Y
azim\node_modules\next\
dist\server\require-hoo
k.js:55:36
    at wrapResolveFilen
ame (node:internal/modu
les/cjs/loader:1048:27)
    at resolveForCJSWit
hHooks (node:internal/m
odules/cjs/loader:1093:
12)
    at require.resolve 
(node:internal/modules/
helpers:209:31)
    at loadPlugin (C:\U
sers\erdur\Yazim\node_m
odules\next\dist\build\
webpack\config\blocks\c
ss\plugins.js:49:32)
    at C:\Users\erdur\Y
azim\node_modules\next\
dist\build\webpack\conf
ig\blocks\css\plugins.j
s:157:56
    at Array.map (<anon
ymous>)
    at getPostCssPlugin
s (C:\Users\erdur\Yazim
\node_modules\next\dist
\build\webpack\config\b
locks\css\plugins.js:15
7:47)
    at async C:\Users\e
rdur\Yazim\node_modules
\next\dist\build\webpac
k\config\blocks\css\ind
ex.js:124:36
    at Object.<anonymou
s> (C:\Users\erdur\Yazi
m\node_modules\next\dis
t\build\webpack\loaders
\css-loader\src\index.j
s??ruleSet[1].rules[13]
.oneOf[12].use[2]!C:\Us
ers\erdur\Yazim\node_mo
dules\next\dist\build\w
ebpack\loaders\postcss-
loader\src\index.js??ru
leSet[1].rules[13].oneO
f[12].use[3]!C:\Users\e
rdur\Yazim\src\app\glob
als.css:1:7)
    at C:\Users\erdur\Y
azim\node_modules\next\
dist\compiled\webpack\b
undle5.js:28:922493
    at Hook.eval [as ca
ll] (eval at create (C:
\Users\erdur\Yazim\node
_modules\next\dist\comp
iled\webpack\bundle5.js
:13:28636), <anonymous>
:7:1)
    at Hook.CALL_DELEGA
TE [as _call] (C:\Users
\erdur\Yazim\node_modul
es\next\dist\compiled\w
ebpack\bundle5.js:13:25
906)
    at C:\Users\erdur\Y
azim\node_modules\next\
dist\compiled\webpack\b
undle5.js:28:131198
    at tryRunOrWebpackE
rror (C:\Users\erdur\Ya
zim\node_modules\next\d
ist\compiled\webpack\bu
ndle5.js:28:312943)
    at __webpack_requir
e_module__ (C:\Users\er
dur\Yazim\node_modules\
next\dist\compiled\webp
ack\bundle5.js:28:13116
5)
    at __nested_webpack
_require_153728__ (C:\U
sers\erdur\Yazim\node_m
odules\next\dist\compil
ed\webpack\bundle5.js:2
8:130607)
    at C:\Users\erdur\Y
azim\node_modules\next\
dist\compiled\webpack\b
undle5.js:28:131454
    at symbolIterator (
C:\Users\erdur\Yazim\no
de_modules\next\dist\co
mpiled\neo-async\async.
js:1:14444)

Generated code for C:\U
sers\erdur\Yazim\node_m
odules\next\dist\build\
webpack\loaders\css-loa
der\src\index.js??ruleS
et[1].rules[13].oneOf[1
2].use[2]!C:\Users\erdu
r\Yazim\node_modules\ne
xt\dist\build\webpack\l
oaders\postcss-loader\s
rc\index.js??ruleSet[1]
.rules[13].oneOf[12].us
e[3]!C:\Users\erdur\Yaz
im\src\app\globals.css

Import trace for reques
ted module:
./src/app/globals.css


> Build failed because 
of webpack errors
